src/pages/ExerciseDetails.tsx(474,90): error TS2353: Object literal may only specify known properties, and 'display' does not exist in type 'TypographyProps<"p", { component?: "p" | undefined; }> | ((ownerState: ListItemTextOwnerState) => TypographyProps<"p", { component?: "p" | undefined; }>)'.
